// Jest Snapshot v1, https://goo.gl/fbAQLP

exports[`signup renders signup correctly 1`] = `
ShallowWrapper {
  Symbol(enzyme.__root__): [Circular],
  Symbol(enzyme.__unrendered__): <Signup />,
  Symbol(enzyme.__renderer__): Object {
    "batchedUpdates": [Function],
    "getNode": [Function],
    "render": [Function],
    "simulateEvent": [Function],
    "unmount": [Function],
  },
  Symbol(enzyme.__node__): Object {
    "instance": null,
    "key": undefined,
    "nodeType": "host",
    "props": Object {
      "children": Array [
        <div>
          <label
            className="first-name"
            htmlFor="signup-first-name"
          >
            First Name 
          </label>
          <input
            className="first-name"
            id="signup-first-name"
            type="text"
          />
        </div>,
        <div>
          <label
            className="last-name"
            htmlFor="signup-last-name"
          >
            Last Name 
          </label>
          <input
            className="last-name"
            id="signup-last-name"
            type="text"
          />
        </div>,
      ],
    },
    "ref": null,
    "rendered": Array [
      Object {
        "instance": null,
        "key": undefined,
        "nodeType": "host",
        "props": Object {
          "children": Array [
            <label
              className="first-name"
              htmlFor="signup-first-name"
            >
              First Name 
            </label>,
            <input
              className="first-name"
              id="signup-first-name"
              type="text"
            />,
          ],
        },
        "ref": null,
        "rendered": Array [
          Object {
            "instance": null,
            "key": undefined,
            "nodeType": "host",
            "props": Object {
              "children": "First Name ",
              "className": "first-name",
              "htmlFor": "signup-first-name",
            },
            "ref": null,
            "rendered": "First Name ",
            "type": "label",
          },
          Object {
            "instance": null,
            "key": undefined,
            "nodeType": "host",
            "props": Object {
              "className": "first-name",
              "id": "signup-first-name",
              "type": "text",
            },
            "ref": null,
            "rendered": null,
            "type": "input",
          },
        ],
        "type": "div",
      },
      Object {
        "instance": null,
        "key": undefined,
        "nodeType": "host",
        "props": Object {
          "children": Array [
            <label
              className="last-name"
              htmlFor="signup-last-name"
            >
              Last Name 
            </label>,
            <input
              className="last-name"
              id="signup-last-name"
              type="text"
            />,
          ],
        },
        "ref": null,
        "rendered": Array [
          Object {
            "instance": null,
            "key": undefined,
            "nodeType": "host",
            "props": Object {
              "children": "Last Name ",
              "className": "last-name",
              "htmlFor": "signup-last-name",
            },
            "ref": null,
            "rendered": "Last Name ",
            "type": "label",
          },
          Object {
            "instance": null,
            "key": undefined,
            "nodeType": "host",
            "props": Object {
              "className": "last-name",
              "id": "signup-last-name",
              "type": "text",
            },
            "ref": null,
            "rendered": null,
            "type": "input",
          },
        ],
        "type": "div",
      },
    ],
    "type": "div",
  },
  Symbol(enzyme.__nodes__): Array [
    Object {
      "instance": null,
      "key": undefined,
      "nodeType": "host",
      "props": Object {
        "children": Array [
          <div>
            <label
              className="first-name"
              htmlFor="signup-first-name"
            >
              First Name 
            </label>
            <input
              className="first-name"
              id="signup-first-name"
              type="text"
            />
          </div>,
          <div>
            <label
              className="last-name"
              htmlFor="signup-last-name"
            >
              Last Name 
            </label>
            <input
              className="last-name"
              id="signup-last-name"
              type="text"
            />
          </div>,
        ],
      },
      "ref": null,
      "rendered": Array [
        Object {
          "instance": null,
          "key": undefined,
          "nodeType": "host",
          "props": Object {
            "children": Array [
              <label
                className="first-name"
                htmlFor="signup-first-name"
              >
                First Name 
              </label>,
              <input
                className="first-name"
                id="signup-first-name"
                type="text"
              />,
            ],
          },
          "ref": null,
          "rendered": Array [
            Object {
              "instance": null,
              "key": undefined,
              "nodeType": "host",
              "props": Object {
                "children": "First Name ",
                "className": "first-name",
                "htmlFor": "signup-first-name",
              },
              "ref": null,
              "rendered": "First Name ",
              "type": "label",
            },
            Object {
              "instance": null,
              "key": undefined,
              "nodeType": "host",
              "props": Object {
                "className": "first-name",
                "id": "signup-first-name",
                "type": "text",
              },
              "ref": null,
              "rendered": null,
              "type": "input",
            },
          ],
          "type": "div",
        },
        Object {
          "instance": null,
          "key": undefined,
          "nodeType": "host",
          "props": Object {
            "children": Array [
              <label
                className="last-name"
                htmlFor="signup-last-name"
              >
                Last Name 
              </label>,
              <input
                className="last-name"
                id="signup-last-name"
                type="text"
              />,
            ],
          },
          "ref": null,
          "rendered": Array [
            Object {
              "instance": null,
              "key": undefined,
              "nodeType": "host",
              "props": Object {
                "children": "Last Name ",
                "className": "last-name",
                "htmlFor": "signup-last-name",
              },
              "ref": null,
              "rendered": "Last Name ",
              "type": "label",
            },
            Object {
              "instance": null,
              "key": undefined,
              "nodeType": "host",
              "props": Object {
                "className": "last-name",
                "id": "signup-last-name",
                "type": "text",
              },
              "ref": null,
              "rendered": null,
              "type": "input",
            },
          ],
          "type": "div",
        },
      ],
      "type": "div",
    },
  ],
  Symbol(enzyme.__options__): Object {
    "adapter": ReactSixteenAdapter {
      "options": Object {
        "enableComponentDidUpdateOnSetState": true,
        "lifecycles": Object {
          "componentDidUpdate": Object {
            "onSetState": true,
          },
          "getDerivedStateFromProps": true,
          "getSnapshotBeforeUpdate": true,
          "setState": Object {
            "skipsComponentDidUpdateOnNullish": true,
          },
        },
      },
    },
    "attachTo": undefined,
    "hydrateIn": undefined,
  },
}
`;
